../Src/USART.c:17:6:UART_init	4	static
../Src/USART.c:82:6:UART_enableTX	4	static
../Src/USART.c:87:6:UART_enableRX	4	static
../Src/USART.c:92:6:UART_TXData	16	static
../Src/USART.c:104:4:UART_RXData	16	static
../Src/USART.c:113:4:Uart_Asy_Rx	24	static
../Src/USART.c:130:6:UART_TXString	16	static
../Src/USART.c:166:6:UART3_voidInit	4	static
../Src/USART.c:192:9:UART3_u8SendByteBusyw8	24	static
../Src/USART.c:200:9:UART3_u8RecieveByteBusyw8	24	static
../Src/USART.c:209:9:UART3_u8SendStringBusyW8	24	static
../Src/USART.c:218:9:UART3_u8SendArrayBusyW8	24	static
../Src/USART.c:229:9:UART3_u8RecieveByte	24	static
../Src/USART.c:237:9:UART3_u8SendNum	24	static
../Src/USART.c:249:9:UART3_u8SendNumString	32	static
../Src/USART.c:272:6:UART3_Runnable	4	static
../Src/USART.c:285:4:UART3_IsDataReady	4	static
../Src/USART.c:288:6:UART3_GETdata	24	static
../Src/USART.c:302:9:UART3_u8EnterruptEnRX	16	static
../Src/USART.c:307:9:UART3_u8EnterruptDsRX	16	static
../Src/USART.c:312:9:UART3_u8EnterruptCallBackRX	24	static
../Src/USART.c:322:9:UART3_u8EnterruptEnTX	16	static
../Src/USART.c:327:9:UART3_u8EnterruptDsTX	16	static
../Src/USART.c:332:9:UART3_u8EnterruptCallBackTX	16	static
../Src/USART.c:338:6:USART3_IRQHandler	8	static
../Src/USART.c:382:6:UART2_voidInit	4	static
../Src/USART.c:406:9:UART2_u8SendByteBusyw8	24	static
../Src/USART.c:414:9:UART2_u8RecieveByteBusyw8	24	static
../Src/USART.c:423:9:UART2_u8SendStringBusyW8	24	static
../Src/USART.c:432:9:UART2_u8SendArrayBusyW8	24	static
../Src/USART.c:443:9:UART2_u8RecieveByte	24	static
../Src/USART.c:450:9:UART2_u8SendNum	24	static
../Src/USART.c:462:9:UART2_u8SendNumString	32	static
../Src/USART.c:485:6:UART2_Runnable	4	static
../Src/USART.c:498:4:UART2_IsDataReady	4	static
../Src/USART.c:501:6:UART2_GETdata	24	static
../Src/USART.c:514:9:UART2_u8EnterruptEnRX	16	static
../Src/USART.c:519:9:UART2_u8EnterruptDsRX	16	static
../Src/USART.c:524:9:UART2_u8EnterruptCallBackRX	24	static
../Src/USART.c:534:9:UART2_u8EnterruptEnTX	16	static
../Src/USART.c:539:9:UART2_u8EnterruptDsTX	16	static
../Src/USART.c:544:9:UART2_u8EnterruptCallBackTX	16	static
../Src/USART.c:550:6:USART2_IRQHandler	8	static
